src/boot/notify.ts(26,65): error TS2345: Argument of type '{ id: string; title: string; body: string; type: string; user_id: string; link_url: string | undefined; read_at: null; }' is not assignable to parameter of type 'RejectExcessProperties<{ body: string; id?: string; link_url?: string | null; read_at?: string | null; title: string; type: string; user_id: string; }, { body: string; id?: string; link_url?: string | null; read_at?: string | null; title: string; type: string; user_id: string; }> | RejectExcessProperties<...>[]'.
  Type '{ id: string; title: string; body: string; type: string; user_id: string; link_url: string | undefined; read_at: null; }' is not assignable to type 'RejectExcessProperties<{ body: string; id?: string; link_url?: string | null; read_at?: string | null; title: string; type: string; user_id: string; }, { body: string; id?: string; link_url?: string | null; read_at?: string | null; title: string; type: string; user_id: string; }>' with 'exactOptionalPropertyTypes: true'. Consider adding 'undefined' to the types of the target's properties.
    Type '{ id: string; title: string; body: string; type: string; user_id: string; link_url: string | undefined; read_at: null; }' is not assignable to type '{ body: string; id?: string; link_url?: string | null; read_at?: string | null; title: string; type: string; user_id: string; }' with 'exactOptionalPropertyTypes: true'. Consider adding 'undefined' to the types of the target's properties.
      Types of property 'link_url' are incompatible.
        Type 'string | undefined' is not assignable to type 'string | null'.
          Type 'undefined' is not assignable to type 'string | null'.
src/modules/landlord/pages/ChatPage.vue(6,43): error TS2339: Property 'toggleLeftDrawer' does not exist on type '{ leftDrawerOpen: boolean; userRole: "" | "student" | "landlord"; currentTenantName: string; currentTenantProperty: string; showInquiryCard: boolean; newMessage: string; sendMessage: () => Promise<...>; ... 37 more ...; _pStores?: Record<...>; }'.
src/modules/landlord/pages/ChatPage.vue(12,43): error TS2339: Property 'handleLogout' does not exist on type '{ leftDrawerOpen: boolean; userRole: "" | "student" | "landlord"; currentTenantName: string; currentTenantProperty: string; showInquiryCard: boolean; newMessage: string; sendMessage: () => Promise<...>; ... 37 more ...; _pStores?: Record<...>; }'.
src/modules/landlord/pages/ChatPage.vue(111,16): error TS2322: Type 'number' is not assignable to type 'boolean | undefined'.
src/modules/landlord/pages/LandlordDashboard.vue(78,66): error TS2339: Property 'formatPeso' does not exist on type '{ activeTab: "notifications" | "payments" | "home" | "tenants"; activeTenants: number; activeTenantsLabel: any; pendingPayments: number; pendingAmountLabel: number; viewPayments: () => void; ... 38 more ...; _pStores?: Record<...>; }'.
src/modules/landlord/pages/LandlordDashboard.vue(78,77): error TS2339: Property 'monthlyRevenue' does not exist on type '{ activeTab: "notifications" | "payments" | "home" | "tenants"; activeTenants: number; activeTenantsLabel: any; pendingPayments: number; pendingAmountLabel: number; viewPayments: () => void; ... 38 more ...; _pStores?: Record<...>; }'.
src/modules/landlord/pages/LandlordDashboard.vue(88,66): error TS2339: Property 'compliantCount' does not exist on type '{ activeTab: "notifications" | "payments" | "home" | "tenants"; activeTenants: number; activeTenantsLabel: any; pendingPayments: number; pendingAmountLabel: number; viewPayments: () => void; ... 38 more ...; _pStores?: Record<...>; }'.
src/modules/landlord/pages/LandlordDashboard.vue(110,19): error TS2339: Property 'recentPayments' does not exist on type '{ activeTab: "notifications" | "payments" | "home" | "tenants"; activeTenants: number; activeTenantsLabel: any; pendingPayments: number; pendingAmountLabel: number; viewPayments: () => void; ... 38 more ...; _pStores?: Record<...>; }'.
src/modules/landlord/pages/LandlordDashboard.vue(115,39): error TS2339: Property 'recentPayments' does not exist on type '{ activeTab: "notifications" | "payments" | "home" | "tenants"; activeTenants: number; activeTenantsLabel: any; pendingPayments: number; pendingAmountLabel: number; viewPayments: () => void; ... 38 more ...; _pStores?: Record<...>; }'.
src/modules/landlord/pages/LandlordDashboard.vue(119,22): error TS2339: Property 'formatPeso' does not exist on type '{ activeTab: "notifications" | "payments" | "home" | "tenants"; activeTenants: number; activeTenantsLabel: any; pendingPayments: number; pendingAmountLabel: number; viewPayments: () => void; ... 38 more ...; _pStores?: Record<...>; }'.
src/modules/landlord/pages/LandlordDashboard.vue(133,25): error TS2339: Property 'recentPayments' does not exist on type '{ activeTab: "notifications" | "payments" | "home" | "tenants"; activeTenants: number; activeTenantsLabel: any; pendingPayments: number; pendingAmountLabel: number; viewPayments: () => void; ... 38 more ...; _pStores?: Record<...>; }'.
src/modules/landlord/pages/LandlordDashboard.vue(155,35): error TS2339: Property 'managedProperties' does not exist on type '{ activeTab: "notifications" | "payments" | "home" | "tenants"; activeTenants: number; activeTenantsLabel: any; pendingPayments: number; pendingAmountLabel: number; viewPayments: () => void; ... 38 more ...; _pStores?: Record<...>; }'.
src/modules/landlord/pages/LandlordDashboard.vue(163,38): error TS2339: Property 'tenantsByGroup' does not exist on type '{ activeTab: "notifications" | "payments" | "home" | "tenants"; activeTenants: number; activeTenantsLabel: any; pendingPayments: number; pendingAmountLabel: number; viewPayments: () => void; ... 38 more ...; _pStores?: Record<...>; }'.
src/modules/landlord/pages/LandlordDashboard.vue(174,25): error TS2339: Property 'tenantsByGroup' does not exist on type '{ activeTab: "notifications" | "payments" | "home" | "tenants"; activeTenants: number; activeTenantsLabel: any; pendingPayments: number; pendingAmountLabel: number; viewPayments: () => void; ... 38 more ...; _pStores?: Record<...>; }'.
src/modules/landlord/pages/LandlordDashboard.vue(190,28): error TS2339: Property 'unreadCount' does not exist on type '{ activeTab: "notifications" | "payments" | "home" | "tenants"; activeTenants: number; activeTenantsLabel: any; pendingPayments: number; pendingAmountLabel: number; viewPayments: () => void; ... 38 more ...; _pStores?: Record<...>; }'.
src/modules/landlord/pages/LandlordDashboard.vue(190,46): error TS2339: Property 'unreadCount' does not exist on type '{ activeTab: "notifications" | "payments" | "home" | "tenants"; activeTenants: number; activeTenantsLabel: any; pendingPayments: number; pendingAmountLabel: number; viewPayments: () => void; ... 38 more ...; _pStores?: Record<...>; }'.
src/modules/landlord/pages/LandlordDashboard.vue(194,23): error TS2339: Property 'notifications' does not exist on type '{ activeTab: "notifications" | "payments" | "home" | "tenants"; activeTenants: number; activeTenantsLabel: any; pendingPayments: number; pendingAmountLabel: number; viewPayments: () => void; ... 38 more ...; _pStores?: Record<...>; }'.
src/modules/landlord/pages/LandlordDashboard.vue(199,48): error TS2339: Property 'notifications' does not exist on type '{ activeTab: "notifications" | "payments" | "home" | "tenants"; activeTenants: number; activeTenantsLabel: any; pendingPayments: number; pendingAmountLabel: number; viewPayments: () => void; ... 38 more ...; _pStores?: Record<...>; }'.
src/modules/landlord/pages/LandlordDashboard.vue(225,29): error TS2339: Property 'notifications' does not exist on type '{ activeTab: "notifications" | "payments" | "home" | "tenants"; activeTenants: number; activeTenantsLabel: any; pendingPayments: number; pendingAmountLabel: number; viewPayments: () => void; ... 38 more ...; _pStores?: Record<...>; }'.
src/modules/landlord/pages/LandlordDashboard.vue(265,57): error TS2551: Property 'activeTenantsLabel' does not exist on type 'Store<"landlord", { activeTenants: number; pendingPayments: number; pendingAmount: number; properties: any[]; verificationRequests: any[]; notifications: any[]; unreadCount: number; revenueChartData: any; tenantsByGroup: any[]; recentPayments: any[]; isLoading: boolean; loadError: string | null; }, { ...; }, { ...; }>'. Did you mean 'activeTenants'?
src/modules/landlord/pages/LandlordDashboard.vue(269,57): error TS2339: Property 'propertiesSubtitle' does not exist on type 'Store<"landlord", { activeTenants: number; pendingPayments: number; pendingAmount: number; properties: any[]; verificationRequests: any[]; notifications: any[]; unreadCount: number; revenueChartData: any; tenantsByGroup: any[]; recentPayments: any[]; isLoading: boolean; loadError: string | null; }, { ...; }, { ...; }>'.
src/modules/landlord/pages/LandlordNotifications.vue(11,55): error TS2339: Property 'handleLogout' does not exist on type '{ notificationsTab: string; notifications: ({ id: string; title: string; body: string; read_at: null; } | { id: string; title: string; body: string; read_at: string; })[]; $: ComponentInternalInstance; ... 29 more ...; _pStores?: Record<...>; }'.
src/modules/landlord/pages/LandlordPayments.vue(30,26): error TS2339: Property 'method_display' does not exist on type '{ id: string; amount: number; method: string; month: string; status: string; student_name: string; room_number: string | null; property_name: string | null; paid_at: string | null; }'.
src/modules/landlord/pages/LandlordPayments.vue(31,26): error TS2339: Property 'status_display' does not exist on type '{ id: string; amount: number; method: string; month: string; status: string; student_name: string; room_number: string | null; property_name: string | null; paid_at: string | null; }'.
src/modules/landlord/pages/LandlordPayments.vue(35,38): error TS2339: Property 'statusColor' does not exist on type '{ id: string; amount: number; method: string; month: string; status: string; student_name: string; room_number: string | null; property_name: string | null; paid_at: string | null; }'.
src/modules/landlord/pages/LandlordPayments.vue(35,67): error TS2339: Property 'statusDisplay' does not exist on type '{ id: string; amount: number; method: string; month: string; status: string; student_name: string; room_number: string | null; property_name: string | null; paid_at: string | null; }'.
src/modules/landlord/pages/LandlordPayments.vue(48,18): error TS2339: Property 'error' does not exist on type '{ handleLogout: () => void; payments: { id: string; amount: number; method: string; month: string; status: string; student_name: string; room_number: string | null; property_name: string | null; paid_at: string | null; }[]; ... 31 more ...; _pStores?: Record<...>; }'.
src/modules/landlord/pages/LandlordPayments.vue(48,58): error TS2339: Property 'error' does not exist on type '{ handleLogout: () => void; payments: { id: string; amount: number; method: string; month: string; status: string; student_name: string; room_number: string | null; property_name: string | null; paid_at: string | null; }[]; ... 31 more ...; _pStores?: Record<...>; }'.
src/modules/landlord/pages/LandlordPayments.vue(98,3): error TS2304: Cannot find name 'error'.
src/modules/landlord/pages/LandlordPayments.vue(127,14): error TS2551: Property 'value' does not exist on type '{ id: string; amount: number; method: "others" | "gcash" | "maya" | "bank" | "cash"; month: string; status: "due" | "paid" | "overdue" | "pending_verification"; paid_at: string | null; lease_id: string; }[]'. Did you mean 'values'?
src/modules/landlord/pages/LandlordPayments.vue(128,55): error TS2339: Property 'lease_id' does not exist on type 'PaymentRow'.
src/modules/landlord/pages/LandlordPayments.vue(163,5): error TS2304: Cannot find name 'error'.
src/modules/landlord/pages/LandlordProfile.vue(6,43): error TS2339: Property 'toggleLeftDrawer' does not exist on type '{ leftDrawerOpen: boolean; userRole: "" | "student" | "landlord"; landlordInitials: string; isOSASVerified: boolean; landlordName: string; memberSince: string; propertiesActive: number; ... 39 more ...; _pStores?: Record<...>; }'.
src/modules/landlord/pages/LandlordProfile.vue(12,43): error TS2339: Property 'handleLogout' does not exist on type '{ leftDrawerOpen: boolean; userRole: "" | "student" | "landlord"; landlordInitials: string; isOSASVerified: boolean; landlordName: string; memberSince: string; propertiesActive: number; ... 39 more ...; _pStores?: Record<...>; }'.
src/modules/landlord/pages/LandlordProfile.vue(216,36): error TS2339: Property 'documentName' does not exist on type '{ leftDrawerOpen: boolean; userRole: "" | "student" | "landlord"; landlordInitials: string; isOSASVerified: boolean; landlordName: string; memberSince: string; propertiesActive: number; ... 39 more ...; _pStores?: Record<...>; }'.
src/modules/landlord/pages/LandlordProfile.vue(218,24): error TS2339: Property 'expiryDate' does not exist on type '{ leftDrawerOpen: boolean; userRole: "" | "student" | "landlord"; landlordInitials: string; isOSASVerified: boolean; landlordName: string; memberSince: string; propertiesActive: number; ... 39 more ...; _pStores?: Record<...>; }'.
src/modules/landlord/pages/LandlordProfile.vue(308,7): error TS1308: 'await' expressions are only allowed within async functions and at the top levels of modules.
src/modules/landlord/pages/LandlordProfile.vue(313,50): error TS1308: 'await' expressions are only allowed within async functions and at the top levels of modules.
src/modules/landlord/pages/LandlordTenants.vue(51,26): error TS2305: Module '"vue"' has no exported member 'useRouter'.
src/modules/landlord/pages/QRScannerPage.vue(6,43): error TS2339: Property 'toggleLeftDrawer' does not exist on type '{ leftDrawerOpen: boolean; userRole: "" | "student" | "landlord"; qrBottomSheetOpen: boolean; scannedStudent: any; $: ComponentInternalInstance; $data: {}; ... 28 more ...; _pStores?: Record<...>; }'.
src/modules/landlord/pages/QRScannerPage.vue(12,43): error TS2339: Property 'handleLogout' does not exist on type '{ leftDrawerOpen: boolean; userRole: "" | "student" | "landlord"; qrBottomSheetOpen: boolean; scannedStudent: any; $: ComponentInternalInstance; $data: {}; ... 28 more ...; _pStores?: Record<...>; }'.
src/modules/landlord/pages/TenantProfileBilling.vue(6,43): error TS2339: Property 'toggleLeftDrawer' does not exist on type '{ leftDrawerOpen: boolean; userRole: "" | "student" | "landlord"; tenantNameInitials: string; tenantName: string; tenantMonthlyRate: number; streakDays: { number: number; status: "current" | "missed" | "upcoming"; label: string; }[]; ... 39 more ...; _pStores?: Record<...>; }'.
src/modules/landlord/pages/TenantProfileBilling.vue(12,43): error TS2339: Property 'handleLogout' does not exist on type '{ leftDrawerOpen: boolean; userRole: "" | "student" | "landlord"; tenantNameInitials: string; tenantName: string; tenantMonthlyRate: number; streakDays: { number: number; status: "current" | "missed" | "upcoming"; label: string; }[]; ... 39 more ...; _pStores?: Record<...>; }'.
src/modules/landlord/pages/TenantProfileBilling.vue(149,73): error TS2339: Property 'month' does not exist on type '() => boolean'.
src/modules/landlord/pages/TenantProfileBilling.vue(152,34): error TS2339: Property 'month' does not exist on type '() => boolean'.
src/modules/landlord/pages/TenantProfileBilling.vue(153,45): error TS2339: Property 'amount' does not exist on type '() => boolean'.
src/modules/landlord/pages/TenantProfileBilling.vue(156,39): error TS2339: Property 'dueDate' does not exist on type '() => boolean'.
src/modules/landlord/pages/TenantProfileBilling.vue(161,58): error TS2339: Property 'status' does not exist on type '() => boolean'.
src/modules/landlord/pages/TenantProfileBilling.vue(162,39): error TS2339: Property 'status' does not exist on type '() => boolean'.
src/modules/landlord/pages/TenantProfileBilling.vue(167,48): error TS2339: Property 'length' does not exist on type 'boolean'.
src/modules/landlord/pages/TenantProfileBilling.vue(188,20): error TS2322: Type 'number' is not assignable to type 'boolean | undefined'.
src/modules/landlord/pages/TenantProfileBilling.vue(281,24): error TS2365: Operator '<' cannot be applied to types '{ <T>(value: T): [T] extends [Ref<any, any>] ? IfAny<T, Ref<T, T>, T> : Ref<UnwrapRef<T>, T | UnwrapRef<T>>; <T = any>(): Ref<...>; }' and 'any[]'.
src/modules/landlord/pages/TenantProfileBilling.vue(290,3): error TS2769: No overload matches this call.
  Overload 1 of 3, '(arrayLength: number): { month: string; dueDate: string; amount: number; status: "Pending" | "Paid"; paymentMethod: string; }[]', gave the following error.
    Argument of type '{ month: string; dueDate: string; amount: number; status: "Pending" | "Paid"; paymentMethod: string; }[]' is not assignable to parameter of type 'number'.
  Overload 2 of 3, '(...items: { month: string; dueDate: string; amount: number; status: "Pending" | "Paid"; paymentMethod: string; }[]): { month: string; dueDate: string; amount: number; status: "Pending" | "Paid"; paymentMethod: string; }[]', gave the following error.
    Argument of type '{ month: string; dueDate: string; amount: number; status: "Pending" | "Paid"; paymentMethod: string; }[]' is not assignable to parameter of type '{ month: string; dueDate: string; amount: number; status: "Pending" | "Paid"; paymentMethod: string; }'.
      Type '{ month: string; dueDate: string; amount: number; status: "Pending" | "Paid"; paymentMethod: string; }[]' is missing the following properties from type '{ month: string; dueDate: string; amount: number; status: "Pending" | "Paid"; paymentMethod: string; }': month, dueDate, amount, status, paymentMethod
src/modules/landlord/pages/TenantProfileBilling.vue(311,9): error TS2322: Type 'string | undefined' is not assignable to type 'string'.
  Type 'undefined' is not assignable to type 'string'.
src/stores/landlord.ts(480,9): error TS2322: Type 'string | undefined' is not assignable to type 'string'.
  Type 'undefined' is not assignable to type 'string'.
src/stores/tenant-billing.ts(41,9): error TS2322: Type 'string | undefined' is not assignable to type 'string'.
  Type 'undefined' is not assignable to type 'string'.
